ERC report (2026-01-09T23:34:44+0530, Encoding UTF8)

***** Sheet /
[pin_not_connected]: Pin not connected
    ; error
    @(3100 mils, 2850 mils): Symbol J1 Pin 1 [D13, Passive, Line]
[pin_not_connected]: Pin not connected
    ; error
    @(3100 mils, 2950 mils): Symbol J1 Pin 2 [3V3, Passive, Line]
[pin_not_connected]: Pin not connected
    ; error
    @(3100 mils, 3050 mils): Symbol J1 Pin 3 [AREF, Passive, Line]
[pin_not_connected]: Pin not connected
    ; error
    @(3100 mils, 3150 mils): Symbol J1 Pin 4 [D14, Passive, Line]
[pin_not_connected]: Pin not connected
    ; error
    @(3100 mils, 3250 mils): Symbol J1 Pin 5 [D15, Passive, Line]
[pin_not_connected]: Pin not connected
    ; error
    @(3100 mils, 3350 mils): Symbol J1 Pin 6 [D16, Passive, Line]
[pin_not_connected]: Pin not connected
    ; error
    @(3100 mils, 3450 mils): Symbol J1 Pin 7 [D17, Passive, Line]
[pin_not_connected]: Pin not connected
    ; error
    @(3100 mils, 3550 mils): Symbol J1 Pin 8 [D18, Passive, Line]
[pin_not_connected]: Pin not connected
    ; error
    @(4300 mils, 1950 mils): Symbol J3 Pin 2 [IR, Passive, Line]
[pin_not_connected]: Pin not connected
    ; error
    @(3100 mils, 3650 mils): Symbol J1 Pin 9 [D19, Passive, Line]
[pin_not_connected]: Pin not connected
    ; error
    @(3100 mils, 3850 mils): Symbol J1 Pin 11 [A7, Passive, Line]
[pin_not_connected]: Pin not connected
    ; error
    @(3100 mils, 3950 mils): Symbol J1 Pin 12 [5V, Passive, Line]
[pin_not_connected]: Pin not connected
    ; error
    @(3100 mils, 4050 mils): Symbol J1 Pin 13 [RESET, Passive, Line]
[pin_not_connected]: Pin not connected
    ; error
    @(3100 mils, 4150 mils): Symbol J1 Pin 14 [GND, Passive, Line]
[pin_not_connected]: Pin not connected
    ; error
    @(3100 mils, 4250 mils): Symbol J1 Pin 15 [VIN, Passive, Line]
[pin_not_connected]: Pin not connected
    ; error
    @(5200 mils, 1950 mils): Symbol J3 Pin 11 [VCC, Passive, Line]
[pin_not_connected]: Pin not connected
    ; error
    @(6000 mils, 3150 mils): Symbol J2 Pin 4 [D9, Passive, Line]
[pin_not_connected]: Pin not connected
    ; error
    @(6000 mils, 3450 mils): Symbol J2 Pin 7 [D6, Passive, Line]
[pin_not_connected]: Pin not connected
    ; error
    @(6000 mils, 3550 mils): Symbol J2 Pin 8 [D5, Passive, Line]
[pin_not_connected]: Pin not connected
    ; error
    @(6000 mils, 3750 mils): Symbol J2 Pin 10 [D3, Passive, Line]
[pin_not_connected]: Pin not connected
    ; error
    @(6000 mils, 4050 mils): Symbol J2 Pin 13 [RESET, Passive, Line]
[pin_not_connected]: Pin not connected
    ; error
    @(6000 mils, 4150 mils): Symbol J2 Pin 14 [D0/RXD, Passive, Line]
[pin_not_connected]: Pin not connected
    ; error
    @(6000 mils, 4250 mils): Symbol J2 Pin 15 [D1/TXD, Passive, Line]
[lib_symbol_mismatch]: Symbol 'Conn_01x15_Socket' doesn't match copy in library 'Connector'
    ; warning
    @(3300 mils, 3550 mils): Symbol J1 [Conn_01x15_Socket]
[lib_symbol_mismatch]: Symbol 'Conn_01x11_Socket' doesn't match copy in library 'Connector'
    ; warning
    @(4700 mils, 1750 mils): Symbol J3 [Conn_01x11_Socket]
[lib_symbol_mismatch]: Symbol 'Conn_01x15_Socket' doesn't match copy in library 'Connector'
    ; warning
    @(6200 mils, 3550 mils): Symbol J2 [Conn_01x15_Socket]

 ** ERC messages: 26  Errors 23  Warnings 3
